
> vite-react-typescript-starter@0.0.0 server:build
> esbuild server/index.ts --bundle --platform=node --format=esm --target=node22 --outfile=server.js --external:prisma --external:@prisma/client --external:fsevents --log-level=info

node.exe : 'esbuild' 
is not recognized as 
an internal or 
external command,
At line:1 char:1
+ & "C:\Program Files
\nodejs/node.exe" 
"C:\Program 
Files\nodejs/node_mo 
...
+ ~~~~~~~~~~~~~~~~~~~
~~~~~~~~~~~~~~~~~~~~~
~~~~~~~~~~~~~~~~~~~~~
~~~~~~~~
    + CategoryInfo   
           : NotSpe  
  cified: ('esbuil   
 d' is no...terna    
l command,:Strin    
g) [], RemoteExc    
eption
    + FullyQualified 
   ErrorId : Native  
  CommandError
 
operable program or 
batch file.
